[backblue.gif]
[fade.gif]
[index.html]
[cdn.jsdelivr.net/npm/@xz/fonts@1/serve/plus-jakarta-display.min.css]
[oreoswap.finance/index.html]
[cdn.jsdelivr.net/npm/@xz/fonts@1/serve/src/plus-jakarta-display/PlusJakartaDisplay-Light.woff2]
[cdn.jsdelivr.net/npm/@xz/fonts@1/serve/src/plus-jakarta-display/PlusJakartaDisplay-Light.woff]
[cdn.jsdelivr.net/npm/@xz/fonts@1/serve/src/plus-jakarta-display/PlusJakartaDisplay-LightItalic.woff2]
[cdn.jsdelivr.net/npm/@xz/fonts@1/serve/src/plus-jakarta-display/PlusJakartaDisplay-LightItalic.woff]
[cdn.jsdelivr.net/npm/@xz/fonts@1/serve/src/plus-jakarta-display/PlusJakartaDisplay-Regular.woff2]
[cdn.jsdelivr.net/npm/@xz/fonts@1/serve/src/plus-jakarta-display/PlusJakartaDisplay-Regular.woff]
[cdn.jsdelivr.net/npm/@xz/fonts@1/serve/src/plus-jakarta-display/PlusJakartaDisplay-Italic.woff2]
[cdn.jsdelivr.net/npm/@xz/fonts@1/serve/src/plus-jakarta-display/PlusJakartaDisplay-Italic.woff]
[cdn.jsdelivr.net/npm/@xz/fonts@1/serve/src/plus-jakarta-display/PlusJakartaDisplay-Medium.woff2]
[cdn.jsdelivr.net/npm/@xz/fonts@1/serve/src/plus-jakarta-display/PlusJakartaDisplay-Medium.woff]
[cdn.jsdelivr.net/npm/@xz/fonts@1/serve/src/plus-jakarta-display/PlusJakartaDisplay-MediumItalic.woff2]
[cdn.jsdelivr.net/npm/@xz/fonts@1/serve/src/plus-jakarta-display/PlusJakartaDisplay-MediumItalic.woff]
[cdn.jsdelivr.net/npm/@xz/fonts@1/serve/src/plus-jakarta-display/PlusJakartaDisplay-Bold.woff2]
[cdn.jsdelivr.net/npm/@xz/fonts@1/serve/src/plus-jakarta-display/PlusJakartaDisplay-Bold.woff]
[cdn.jsdelivr.net/npm/@xz/fonts@1/serve/src/plus-jakarta-display/PlusJakartaDisplay-BoldItalic.woff2]
[cdn.jsdelivr.net/npm/@xz/fonts@1/serve/src/plus-jakarta-display/PlusJakartaDisplay-BoldItalic.woff]
[cdn.jsdelivr.net/npm/@xz/fonts@1/serve/plus-jakarta-display.min.css]
